------------------------------------------------------------
Timing Analyzer Summary
------------------------------------------------------------

Type  : Slow 1200mV 85C Model Setup 'CLK'
Slack : -1.216
TNS   : -7.178

Type  : Slow 1200mV 85C Model Hold 'CLK'
Slack : 0.363
TNS   : 0.000

Type  : Slow 1200mV 85C Model Recovery 'CLK'
Slack : -1.894
TNS   : -18.940

Type  : Slow 1200mV 85C Model Removal 'CLK'
Slack : 1.772
TNS   : 0.000

Type  : Slow 1200mV 85C Model Minimum Pulse Width 'CLK'
Slack : -3.000
TNS   : -17.870

Type  : Slow 1200mV 0C Model Setup 'CLK'
Slack : -1.075
TNS   : -5.980

Type  : Slow 1200mV 0C Model Hold 'CLK'
Slack : 0.325
TNS   : 0.000

Type  : Slow 1200mV 0C Model Recovery 'CLK'
Slack : -1.679
TNS   : -16.790

Type  : Slow 1200mV 0C Model Removal 'CLK'
Slack : 1.659
TNS   : 0.000

Type  : Slow 1200mV 0C Model Minimum Pulse Width 'CLK'
Slack : -3.000
TNS   : -17.870

Type  : Fast 1200mV 0C Model Setup 'CLK'
Slack : 0.166
TNS   : 0.000

Type  : Fast 1200mV 0C Model Hold 'CLK'
Slack : 0.152
TNS   : 0.000

Type  : Fast 1200mV 0C Model Recovery 'CLK'
Slack : -0.148
TNS   : -1.480

Type  : Fast 1200mV 0C Model Removal 'CLK'
Slack : 0.677
TNS   : 0.000

Type  : Fast 1200mV 0C Model Minimum Pulse Width 'CLK'
Slack : -3.000
TNS   : -13.310

------------------------------------------------------------
